[lenhatododia.com.br/index.html]
[backblue.gif]
[fade.gif]
[index.html]
[lenhatododia.com.br/feed/index.html]
[lenhatododia.com.br/comments/feed/index.html]
[lenhatododia.com.br/wp-content/plugins/burst-statistics/helpers/timeme/timeme.min4735.js]
[lenhatododia.com.br/wp-content/plugins/burst-statistics/assets/js/build/burst.min4735.js]
[lenhatododia.com.br/wp-includes/js/jquery/jquery.minf43b.js]
[lenhatododia.com.br/wp-includes/js/jquery/jquery-migrate.min5589.js]
[lenhatododia.com.br/wp-content/plugins/pixelyoursite/dist/scripts/jquery.bind-first-0.2.3.min52a8.js]
[lenhatododia.com.br/wp-content/plugins/pixelyoursite/dist/scripts/js.cookie-2.1.3.min4c71.js]
[lenhatododia.com.br/wp-content/plugins/pixelyoursite/dist/scripts/public04d4.js]
[lenhatododia.com.br/wp-content/plugins/elementor/assets/lib/font-awesome/js/v4-shims.mind5d5.js]
[lenhatododia.com.br/wp-json/index.html]
[lenhatododia.com.br/wp-json/wp/v2/pages/15.json]
[lenhatododia.com.br/xmlrpc0db0.php]
[lenhatododia.com.br/wp-json/oembed/1.0/embed6708.json]
[lenhatododia.com.br/wp-json/oembed/1.0/embed634b]
[lenhatododia.com.br/wp-content/plugins/webp-express/js/picturefill.min.js]
[lenhatododia.com.br/wp-content/themes/twentytwentyfour/assets/fonts/inter/Inter-VariableFont_slnt,wght.woff2]
[lenhatododia.com.br/wp-content/themes/twentytwentyfour/assets/fonts/cardo/cardo_normal_400.woff2]
[lenhatododia.com.br/wp-content/themes/twentytwentyfour/assets/fonts/cardo/cardo_italic_400.woff2]
[lenhatododia.com.br/wp-content/themes/twentytwentyfour/assets/fonts/cardo/cardo_normal_700.woff2]
[lenhatododia.com.br/wp-content/uploads/2024/04/mateuseleuterio-manual-da-biblia-150x150.png]
[lenhatododia.com.br/wp-content/uploads/2024/04/mateuseleuterio-manual-da-biblia-300x300.png]
[lenhatododia.com.br/wp-content/uploads/2024/04/WhatsApp-Image-2023-11-13-at-14.38.03.jpg]
[lenhatododia.com.br/wp-content/uploads/2024/04/Manual-da-Biblia-at-e1714685190862.png]
[lenhatododia.com.br/wp-content/uploads/2024/04/WhatsApp-Image-2023-11-13-at-14.36.16.jpg]
[lenhatododia.com.br/wp-content/uploads/2024/04/Manual-da-Biblia-at.-1-e1714685256875.png]
[lenhatododia.com.br/wp-content/uploads/2024/04/Design-sem-nome-8-1-e1714687329763.png]
[lenhatododia.com.br/wp-content/uploads/2024/04/4-3-e1714687123816.png]
[lenhatododia.com.br/wp-content/uploads/2024/04/5-3-e1714687303350.png]
[lenhatododia.com.br/wp-content/uploads/2024/04/6-3-e1714687316701.png]
[lenhatododia.com.br/wp-content/uploads/2024/04/8.png]
[lenhatododia.com.br/wp-content/uploads/2024/04/7-1.png]
[lenhatododia.com.br/wp-content/uploads/2024/04/9.png]
[lenhatododia.com.br/wp-content/uploads/2024/04/10.png]
[lenhatododia.com.br/wp-content/uploads/2024/04/2-2-e1714685642422.png]
[lenhatododia.com.br/wp-content/uploads/2024/04/6-2-e1714685667244.png]
[lenhatododia.com.br/wp-content/uploads/2024/04/1-2-e1714685657796.png]
[lenhatododia.com.br/wp-content/uploads/2024/04/3-3-e1714685541514.png]
[lenhatododia.com.br/wp-content/uploads/2024/04/5-2-e1714685682904.png]
[lenhatododia.com.br/wp-content/uploads/2024/04/4-2-e1714685597340.png]
[lenhatododia.com.br/wp-content/uploads/2024/04/Design-sem-nome-1-e1714682786834.png]
[lenhatododia.com.br/wp-content/uploads/2024/04/Design-sem-nome-7-e1714687440515.png]
[lenhatododia.com.br/wp-content/uploads/2024/04/Garantia-de-7-dias-Risco-ZERO.png]
[lenhatododia.com.br/e]
[lenhatododia.com.br/wp-content/plugins/happy-elementor-addons/assets/vendor/twentytwenty/js/jquery.event.move695d.js]
[lenhatododia.com.br/wp-content/plugins/happy-elementor-addons/assets/vendor/twentytwenty/js/jquery.twentytwenty695d.js]
[lenhatododia.com.br/wp-includes/js/imagesloaded.minbb93.js]
[lenhatododia.com.br/wp-content/plugins/happy-elementor-addons/assets/js/happy-addons.min695d.js]
[lenhatododia.com.br/wp-content/plugins/elementor/assets/js/webpack.runtime.mind5d5.js]
[lenhatododia.com.br/wp-content/plugins/elementor/assets/js/frontend-modules.mind5d5.js]
[lenhatododia.com.br/wp-content/plugins/elementor/assets/lib/waypoints/waypoints.min05da.js]
[lenhatododia.com.br/wp-includes/js/jquery/ui/core.minb37e.js]
[lenhatododia.com.br/wp-content/plugins/elementor/assets/js/frontend.mind5d5.js]
[lenhatododia.com.br/index.html]
[lenhatododia.com.br/wp-content/plugins/complianz-gdpr/assets/css/cookieblocker.minf516.css]
[lenhatododia.com.br/wp-content/plugins/elementor/assets/css/frontend-lite.mind5d5.css]
[lenhatododia.com.br/wp-content/plugins/elementor/assets/lib/swiper/v8/css/swiper.min94a4.css]
[lenhatododia.com.br/wp-content/uploads/elementor/css/post-53710.css]
[lenhatododia.com.br/wp-content/plugins/elementor/assets/lib/font-awesome/webfonts/fa-brands-400.eot]
[lenhatododia.com.br/wp-content/plugins/elementor/assets/lib/font-awesome/webfonts/fa-brands-400d41d.eot]
[lenhatododia.com.br/wp-content/plugins/elementor/assets/lib/font-awesome/webfonts/fa-brands-400.woff2]
[lenhatododia.com.br/wp-content/plugins/elementor/assets/lib/font-awesome/webfonts/fa-brands-400.woff]
[lenhatododia.com.br/wp-content/plugins/elementor/assets/lib/font-awesome/webfonts/fa-brands-400.ttf]
[lenhatododia.com.br/wp-content/plugins/elementor/assets/lib/font-awesome/webfonts/fa-regular-400.eot]
[lenhatododia.com.br/wp-content/plugins/elementor/assets/lib/font-awesome/webfonts/fa-regular-400d41d.eot]
[lenhatododia.com.br/wp-content/plugins/elementor/assets/lib/font-awesome/webfonts/fa-regular-400.woff2]
[lenhatododia.com.br/wp-content/plugins/elementor/assets/lib/font-awesome/webfonts/fa-regular-400.woff]
[lenhatododia.com.br/wp-content/plugins/elementor/assets/lib/font-awesome/webfonts/fa-regular-400.ttf]
[lenhatododia.com.br/wp-content/plugins/elementor/assets/lib/font-awesome/webfonts/fa-solid-900.eot]
[lenhatododia.com.br/wp-content/plugins/elementor/assets/lib/font-awesome/webfonts/fa-solid-900d41d.eot]
[lenhatododia.com.br/wp-content/plugins/elementor/assets/lib/font-awesome/webfonts/fa-solid-900.woff2]
[lenhatododia.com.br/wp-content/plugins/elementor/assets/lib/font-awesome/webfonts/fa-solid-900.woff]
[lenhatododia.com.br/wp-content/plugins/elementor/assets/lib/font-awesome/webfonts/fa-solid-900.ttf]
[lenhatododia.com.br/wp-content/plugins/elementor/assets/lib/font-awesome/css/all.mind5d5.css]
[lenhatododia.com.br/wp-content/plugins/elementor/assets/lib/font-awesome/css/v4-shims.mind5d5.css]
[lenhatododia.com.br/wp-content/uploads/elementor/css/global3710.css]
[lenhatododia.com.br/wp-content/uploads/2024/04/Banner-pagina-de-venda-destockp-1.jpg]
[lenhatododia.com.br/wp-content/uploads/2024/04/banner.inicial.manual.da_.biblia.jpg]
[lenhatododia.com.br/wp-content/uploads/2024/04/banner.inicial.manual.da_.biblia.des_.jpg]
[lenhatododia.com.br/wp-content/uploads/2024/05/Banner-pagina-de-venda-destockp.png]
[lenhatododia.com.br/wp-content/uploads/2024/05/Banner-pagina-de-venda-mobile-1080-x-1600-px.jpg]
[lenhatododia.com.br/wp-content/uploads/2024/05/1.jpg]
[lenhatododia.com.br/wp-content/uploads/2024/05/mateus-eleuterio-1.jpg]
[lenhatododia.com.br/wp-content/uploads/elementor/css/post-155c84.css]
[lenhatododia.com.br/wp-content/plugins/happy-elementor-addons/assets/fonts/happy-icons.woff2]
[lenhatododia.com.br/wp-content/plugins/happy-elementor-addons/assets/fonts/happy-icons.woff]
[lenhatododia.com.br/wp-content/plugins/happy-elementor-addons/assets/fonts/style.min695d.css]
[lenhatododia.com.br/wp-content/plugins/elementor/assets/lib/font-awesome/fonts/fontawesome-webfont3e6e.eot]
[lenhatododia.com.br/wp-content/plugins/elementor/assets/lib/font-awesome/fonts/fontawesome-webfontd41d.eot]
[lenhatododia.com.br/wp-content/plugins/elementor/assets/lib/font-awesome/fonts/fontawesome-webfont3e6e.woff2]
[lenhatododia.com.br/wp-content/plugins/elementor/assets/lib/font-awesome/fonts/fontawesome-webfont3e6e.woff]
[lenhatododia.com.br/wp-content/plugins/elementor/assets/lib/font-awesome/fonts/fontawesome-webfont3e6e.ttf]
[lenhatododia.com.br/wp-content/plugins/elementor/assets/lib/font-awesome/css/font-awesome.min1849.css]
[lenhatododia.com.br/wp-content/plugins/happy-elementor-addons/assets/vendor/twentytwenty/css/twentytwenty695d.css]
[lenhatododia.com.br/wp-content/uploads/happyaddons/css/ha-15c4fb.css]
[fonts.googleapis.com/earlyaccess/opensanshebrewcondensed52a8.css]
[www.googletagmanager.com/gtm5445.html]
[lenhatododia.com.br/e.html]
[lenhatododia.com.br/wp-content/plugins/elementor/assets/lib/animations/animations.mind5d5.css]
[lenhatododia.com.br/wp-content/plugins/elementor/assets/lib/font-awesome/webfonts/fa-brands-400.svg]
[lenhatododia.com.br/wp-content/plugins/elementor/assets/lib/font-awesome/webfonts/fa-regular-400.svg]
[lenhatododia.com.br/wp-content/plugins/elementor/assets/lib/font-awesome/webfonts/fa-solid-900.svg]
[lenhatododia.com.br/wp-content/plugins/happy-elementor-addons/assets/fonts/happy-icons.svg]
[lenhatododia.com.br/wp-content/plugins/elementor/assets/lib/font-awesome/fonts/fontawesome-webfont3e6e.svg]
